// Jest Snapshot v1, https://goo.gl/fbAQLP

exports[`should render Input correctly 1`] = `
<div>
  <div
    class="input"
  >
    <p
      class="title"
    />
    <input
      data-testid="search-input"
      type="text"
      value=""
    />
  </div>
</div>
`;
