// Jest Snapshot v1, https://goo.gl/fbAQLP

exports[`should render Navbar correctly 1`] = `ReactWrapper {}`;
