// Jest Snapshot v1, https://goo.gl/fbAQLP

exports[`should render Dropdown correctly 1`] = `ReactWrapper {}`;
